<?xml version="1.0" encoding="windows-1252" standalone="no"?>
<!DOCTYPE log SYSTEM "logger.dtd">
<log>
<record>
  <date>2014-12-19T15:30:32</date>
  <millis>1419021032105</millis>
  <sequence>0</sequence>
  <logger>gov.gsa.fssi.Main</logger>
  <level>INFO</level>
  <class>gov.gsa.fssi.Main</class>
  <method>main</method>
  <thread>1</thread>
  <message>this is a test</message>
</record>
</log>
